// Jest Snapshot v1, https://goo.gl/fbAQLP

exports[`External Projects Page Renders correctly 1`] = `
<div
  className="layout-container undefined"
>
  <div
    className="globalHeaderContainer  "
  >
    <div
      className="globalHeaderContent"
    >
      <div
        className="leftSideLinksContainer"
      >
        <a
          className="logo"
          href="https://newrelic.com/"
          rel="noopener noreferrer"
        >
          New Relic
        </a>
        <ul
          className="leftSideLinks"
        >
          <li
            className="leftSideLinkItem"
          >
            <a
              className="leftSideLink"
              href="https://developer.newrelic.com/"
            >
              Developers
            </a>
          </li>
          <li
            className="leftSideLinkItem active"
          >
            <a
              className="leftSideLink"
              href="#"
            >
              Open Source
            </a>
          </li>
          <li
            className="leftSideLinkItem"
          >
            <a
              className="leftSideLink"
              href="https://docs.newrelic.com/"
            >
              Documentation
            </a>
          </li>
        </ul>
      </div>
      <ul
        className="rightSideButtons"
      >
        <li
          className="darkModeToggle"
        />
        <li
          className="rightSideButton githubButton"
        >
          <a
            className="githubButtonLink"
            href="https://github.com/newrelic/opensource-website"
            target="__blank"
          >
            GitHub
          </a>
        </li>
      </ul>
    </div>
  </div>
  <header
    className="primaryHeaderContainer  "
  >
    <a
      className="primaryHeaderLogo"
      href="/"
    >
      New Relic Open Source
    </a>
    <ul
      className="primaryHeaderNavLinks"
    >
      <li
        className="primaryHeaderNavLinkItem"
      >
        <a
          className="primaryHeaderNavLink"
          href="/external-projects"
        >
          External Projects
        </a>
      </li>
      <li
        className="primaryHeaderNavLinkItem"
      >
        <a
          className="primaryHeaderNavLink"
          href="/explore-projects"
        >
          New Relic Projects
        </a>
      </li>
    </ul>
    <div
      className="primaryHeaderMobileNav "
    >
      <button
        className="mobileMenuButton"
        onClick={[Function]}
      >
        Menu
      </button>
      <ul
        className="primaryHeaderMobileNavLinks"
      >
        <li
          className="primaryHeaderNavLinkItem"
        >
          <a
            className="primaryHeaderNavLink"
            href="/external-projects"
          >
            External Projects
          </a>
        </li>
        <li
          className="primaryHeaderNavLinkItem"
        >
          <a
            className="primaryHeaderNavLink"
            href="/explore-projects"
          >
            New Relic Projects
          </a>
        </li>
      </ul>
    </div>
  </header>
  <main
    className="layout-container-main full-width undefined"
  >
    <div
      className="featuredProjects"
    />
  </main>
  <footer
    className="footerContainer"
  >
    <section
      className="footerPrimaryContent"
    >
      <a
        className="footerLogo"
        href="/"
      >
        New Relic Open Source
      </a>
      <ul
        className="footerNavLinks"
      >
        <li
          className="footerNavLinkItem"
        >
          <a
            className="footerNavLink"
            href="/standards"
          >
            Standards
          </a>
        </li>
        <li
          className="footerNavLinkItem"
        >
          <a
            className="footerNavLink"
            href="/external-projects"
          >
            External Projects
          </a>
        </li>
        <li
          className="footerNavLinkItem"
        >
          <a
            className="footerNavLink"
            href="/explore-projects"
          >
            New Relic Projects
          </a>
        </li>
      </ul>
      <div
        className="footerCTAContainer"
      >
        <a
          className="footerCTA"
          href="https://github.com/newrelic/opensource-website/tree/develop/src/pages/code-of-conduct.mdx"
          rel="noopener noreferrer"
          target="__blank"
        >
          <img
            alt="pencil icon"
            className="editButtonIcon"
            src="test-file-stub"
          />
          Edit this page
        </a>
        <a
          className="footerCTA"
          href="https://github.com/newrelic/opensource-website/issues/new/choose"
          rel="noopener noreferrer"
          target="__blank"
        >
          <svg
            fill="none"
            height={14}
            stroke="#7DA5A8"
            strokeLinecap="round"
            strokeLinejoin="round"
            strokeWidth="2"
            viewBox="0 0 24 24"
            width={14}
            xmlns="http://www.w3.org/2000/svg"
          >
            <path
              d="M9 19c-5 1.5-5-2.5-7-3m14 6v-3.87a3.37 3.37 0 0 0-.94-2.61c3.14-.35 6.44-1.54 6.44-7A5.44 5.44 0 0 0 20 4.77 5.07 5.07 0 0 0 19.91 1S18.73.65 16 2.48a13.38 13.38 0 0 0-7 0C6.27.65 5.09 1 5.09 1A5.07 5.07 0 0 0 5 4.77a5.44 5.44 0 0 0-1.5 3.78c0 5.42 3.3 6.61 6.44 7A3.37 3.37 0 0 0 9 18.13V22"
            />
          </svg>
          Create an issue
        </a>
      </div>
    </section>
    <section
      className="footerSecondaryContentContainer"
    >
      <div
        className="footerSecondaryContent"
      >
        <small
          className="footerLegal footerMeta"
        >
          Copyright Â© 
          2020
           New Relic Inc.
        </small>
        <small
          className="version footerMeta"
        >
          Version 
          1.0.3
        </small>
      </div>
    </section>
  </footer>
</div>
`;
